[INFO] Scanning for projects...
[INFO] 
[INFO] ------------------------< quitto:FinaceSysthen >------------------------
[INFO] Building  0.0.1-SNAPSHOT
[INFO]   from pom.xml
[INFO] --------------------------------[ jar ]---------------------------------
[INFO] 
[INFO] --- resources:3.3.1:resources (default-resources) @ FinaceSysthen ---
[INFO] Copying 1 resource from src\main\resources to target\classes
[INFO] Copying 4 resources from src\main\resources to target\classes
[INFO] 
[INFO] --- compiler:3.14.1:compile (default-compile) @ FinaceSysthen ---
[INFO] Nothing to compile - all classes are up to date.
[INFO] 
[INFO] --- resources:3.3.1:testResources (default-testResources) @ FinaceSysthen ---
[INFO] Copying 1 resource from src\test\resources to target\test-classes
[INFO] 
[INFO] --- compiler:3.14.1:testCompile (default-testCompile) @ FinaceSysthen ---
[INFO] Nothing to compile - all classes are up to date.
[INFO] 
[INFO] --- surefire:3.5.5:test (default-test) @ FinaceSysthen ---
[INFO] Using auto detected provider org.apache.maven.surefire.junitplatform.JUnitPlatformProvider
[INFO] 
[INFO] -------------------------------------------------------
[INFO]  T E S T S
[INFO] -------------------------------------------------------
[INFO] Running quitto.FinaceSysthen.Controllers.PaymentControllerTest
[INFO] Tests run: 1, Failures: 0, Errors: 0, Skipped: 0, Time elapsed: 1.951 s -- in quitto.FinaceSysthen.Controllers.PaymentControllerTest
[INFO] Running quitto.FinaceSysthen.FinaceSysthenApplicationTests
14:35:22 [INFO] o.s.t.c.s.AnnotationConfigContextLoaderUtils - Could not detect default configuration classes for test class [quitto.FinaceSysthen.FinaceSysthenApplicationTests]: FinaceSysthenApplicationTests does not declare any static, non-private, non-final, nested classes annotated with @Configuration.
14:35:22 [INFO] o.s.b.t.c.SpringBootTestContextBootstrapper - Found @SpringBootConfiguration quitto.FinaceSysthen.FinaceSysthenApplication for test class quitto.FinaceSysthen.FinaceSysthenApplicationTests
14:35:23 [INFO] o.s.t.c.s.AnnotationConfigContextLoaderUtils - Could not detect default configuration classes for test class [quitto.FinaceSysthen.FinaceSysthenApplicationTests]: FinaceSysthenApplicationTests does not declare any static, non-private, non-final, nested classes annotated with @Configuration.
14:35:23 [INFO] o.s.b.t.c.SpringBootTestContextBootstrapper - Found @SpringBootConfiguration quitto.FinaceSysthen.FinaceSysthenApplication for test class quitto.FinaceSysthen.FinaceSysthenApplicationTests

  .   ____          _            __ _ _
 /\\ / ___'_ __ _ _(_)_ __  __ _ \ \ \ \
( ( )\___ | '_ | '_| | '_ \/ _` | \ \ \ \
 \\/  ___)| |_)| | | | | || (_| |  ) ) ) )
  '  |____| .__|_| |_|_| |_\__, | / / / /
 =========|_|==============|___/=/_/_/_/

 :: Spring Boot ::                (v4.0.4)

14:35:25 [INFO] o.h.v.i.u.Version - HV000001: Hibernate Validator 9.0.1.Final
14:35:26 [INFO] o.s.d.r.c.RepositoryConfigurationDelegate - Bootstrapping Spring Data JPA repositories in DEFAULT mode.
14:35:26 [INFO] o.s.d.r.c.RepositoryConfigurationDelegate - Finished Spring Data repository scanning in 111 ms. Found 2 JPA repository interfaces.
14:35:27 [INFO] o.h.o.jpa - HHH008540: Processing PersistenceUnitInfo [name: default]
14:35:27 [INFO] o.h.o.core - HHH000001: Hibernate ORM core version 7.2.7.Final
14:35:28 [INFO] o.s.o.j.p.SpringPersistenceUnitInfo - No LoadTimeWeaver setup: ignoring JPA class transformer
14:35:28 [INFO] c.z.h.HikariDataSource - HikariPool-1 - Starting...
14:35:28 [INFO] c.z.h.p.HikariPool - HikariPool-1 - Added connection conn0: url=jdbc:h2:mem:testdb user=SA
14:35:28 [INFO] c.z.h.HikariDataSource - HikariPool-1 - Start completed.
14:35:28 [WARN] o.h.o.deprecation - HHH90000025: H2Dialect does not need to be specified explicitly using 'hibernate.dialect' (remove the property setting and it will be selected by default)
14:35:28 [INFO] o.h.o.c.pooling - HHH10001005: Database info:
	Database JDBC URL [jdbc:h2:mem:testdb]
	Database driver: H2 JDBC Driver
	Database dialect: H2Dialect
	Database version: 2.4.240
	Default catalog/schema: TESTDB/PUBLIC
	Autocommit mode: undefined/unknown
	Isolation level: READ_COMMITTED [default READ_COMMITTED]
	JDBC fetch size: 100
	Pool: DataSourceConnectionProvider
	Minimum pool size: undefined/unknown
	Maximum pool size: undefined/unknown
14:35:29 [INFO] o.h.o.core - HHH000489: No JTA platform available (set 'hibernate.transaction.jta.platform' to enable JTA platform integration)
14:35:29 [INFO] o.s.o.j.LocalContainerEntityManagerFactoryBean - Initialized JPA EntityManagerFactory for persistence unit 'default'
14:35:30 [INFO] o.s.d.j.r.q.QueryEnhancerFactories - Hibernate is in classpath; If applicable, HQL parser will be used.
14:35:32 [WARN] o.s.b.j.a.JpaBaseConfiguration$JpaWebConfiguration - spring.jpa.open-in-view is enabled by default. Therefore, database queries may be performed during view rendering. Explicitly configure spring.jpa.open-in-view to disable this warning
14:35:33 [INFO] o.s.b.h.a.H2ConsoleAutoConfiguration - H2 console available at '/h2-console'. Database available at 'jdbc:h2:mem:testdb'
[INFO] Tests run: 1, Failures: 0, Errors: 0, Skipped: 0, Time elapsed: 11.78 s -- in quitto.FinaceSysthen.FinaceSysthenApplicationTests
[INFO] Running quitto.FinaceSysthen.Services.PaymentServiceConcurrencyTest
14:35:33 [INFO] o.s.t.c.s.AnnotationConfigContextLoaderUtils - Could not detect default configuration classes for test class [quitto.FinaceSysthen.Services.PaymentServiceConcurrencyTest]: PaymentServiceConcurrencyTest does not declare any static, non-private, non-final, nested classes annotated with @Configuration.
14:35:33 [INFO] o.s.b.t.c.SpringBootTestContextBootstrapper - Found @SpringBootConfiguration quitto.FinaceSysthen.FinaceSysthenApplication for test class quitto.FinaceSysthen.Services.PaymentServiceConcurrencyTest
14:35:33 [INFO] o.s.t.c.s.AnnotationConfigContextLoaderUtils - Could not detect default configuration classes for test class [quitto.FinaceSysthen.Services.PaymentServiceConcurrencyTest]: PaymentServiceConcurrencyTest does not declare any static, non-private, non-final, nested classes annotated with @Configuration.
14:35:33 [INFO] o.s.b.t.c.SpringBootTestContextBootstrapper - Found @SpringBootConfiguration quitto.FinaceSysthen.FinaceSysthenApplication for test class quitto.FinaceSysthen.Services.PaymentServiceConcurrencyTest
14:35:34 [INFO] o.s.d.r.c.RepositoryConfigurationDelegate - Bootstrapping Spring Data JPA repositories in DEFAULT mode.
14:35:34 [INFO] o.s.d.r.c.RepositoryConfigurationDelegate - Finished Spring Data repository scanning in 19 ms. Found 2 JPA repository interfaces.
14:35:34 [INFO] o.h.o.jpa - HHH008540: Processing PersistenceUnitInfo [name: default]
14:35:34 [INFO] o.s.o.j.p.SpringPersistenceUnitInfo - No LoadTimeWeaver setup: ignoring JPA class transformer
14:35:34 [INFO] c.z.h.HikariDataSource - HikariPool-2 - Starting...
14:35:34 [INFO] c.z.h.p.HikariPool - HikariPool-2 - Added connection conn10: url=jdbc:h2:mem:testdb user=SA
14:35:34 [INFO] c.z.h.HikariDataSource - HikariPool-2 - Start completed.
14:35:34 [WARN] o.h.o.deprecation - HHH90000025: H2Dialect does not need to be specified explicitly using 'hibernate.dialect' (remove the property setting and it will be selected by default)
14:35:34 [INFO] o.h.o.c.pooling - HHH10001005: Database info:
	Database JDBC URL [jdbc:h2:mem:testdb]
	Database driver: H2 JDBC Driver
	Database dialect: H2Dialect
	Database version: 2.4.240
	Default catalog/schema: TESTDB/PUBLIC
	Autocommit mode: undefined/unknown
	Isolation level: READ_COMMITTED [default READ_COMMITTED]
	JDBC fetch size: 100
	Pool: DataSourceConnectionProvider
	Minimum pool size: undefined/unknown
	Maximum pool size: undefined/unknown
14:35:34 [INFO] o.h.o.core - HHH000489: No JTA platform available (set 'hibernate.transaction.jta.platform' to enable JTA platform integration)
14:35:34 [INFO] o.s.o.j.LocalContainerEntityManagerFactoryBean - Initialized JPA EntityManagerFactory for persistence unit 'default'
[INFO] Tests run: 1, Failures: 0, Errors: 0, Skipped: 0, Time elapsed: 2.152 s -- in quitto.FinaceSysthen.Services.PaymentServiceConcurrencyTest
[INFO] Running quitto.FinaceSysthen.Services.PaymentServiceTest
[INFO] Running quitto.FinaceSysthen.Services.PaymentServiceTest$transaction
[INFO] Tests run: 1, Failures: 0, Errors: 0, Skipped: 0, Time elapsed: 0.003 s -- in quitto.FinaceSysthen.Services.PaymentServiceTest$transaction
[INFO] Tests run: 0, Failures: 0, Errors: 0, Skipped: 0, Time elapsed: 0.007 s -- in quitto.FinaceSysthen.Services.PaymentServiceTest
[INFO] 
[INFO] Results:
[INFO] 
[INFO] Tests run: 4, Failures: 0, Errors: 0, Skipped: 0
[INFO] 
[INFO] ------------------------------------------------------------------------
[INFO] BUILD SUCCESS
[INFO] ------------------------------------------------------------------------
[INFO] Total time:  21.281 s
[INFO] Finished at: 2026-05-11T14:35:36-03:00
[INFO] ------------------------------------------------------------------------
